// Jest Snapshot v1, https://goo.gl/fbAQLP

exports[`react-bing-maps should initialize the map 1`] = `ShallowWrapper {}`;

exports[`should initialize the map 1`] = `ShallowWrapper {}`;
